14:13:16 **** Incremental Build of configuration Debug for project guitar-tuner ****
make pre-build main-build 
a9-linaro-pre-build-step
 
Building file: ../src/helloworld.c
Invoking: ARM v7 gcc compiler
arm-none-eabi-gcc -Wall -O0 -g3 -c -fmessage-length=0 -MT"src/helloworld.o" -mcpu=cortex-a9 -mfpu=vfpv3 -mfloat-abi=hard -I../../guitar-tuner_bsp/ps7_cortexa9_0/include -MMD -MP -MF"src/helloworld.d" -MT"src/helloworld.o" -o "src/helloworld.o" "../src/helloworld.c"
../src/helloworld.c: In function 'main':
../src/helloworld.c:59:5: warning: implicit declaration of function 'init_platform' [-Wimplicit-function-declaration]
     init_platform();
     ^~~~~~~~~~~~~
../src/helloworld.c:73:6: warning: implicit declaration of function 'usleep' [-Wimplicit-function-declaration]
      usleep(10);
      ^~~~~~
../src/helloworld.c:79:5: warning: implicit declaration of function 'cleanup_platform' [-Wimplicit-function-declaration]
     cleanup_platform();
     ^~~~~~~~~~~~~~~~
Finished building: ../src/helloworld.c
 
Building target: guitar-tuner.elf
Invoking: ARM v7 gcc linker
arm-none-eabi-gcc -mcpu=cortex-a9 -mfpu=vfpv3 -mfloat-abi=hard -Wl,-build-id=none -specs=Xilinx.spec -Wl,-T -Wl,../src/lscript.ld -L../../guitar-tuner_bsp/ps7_cortexa9_0/lib -o "guitar-tuner.elf"  ./src/helloworld.o ./src/platform.o   -Wl,--start-group,-lxil,-lgcc,-lc,--end-group
Finished building target: guitar-tuner.elf
 
Invoking: ARM v7 Print Size
arm-none-eabi-size guitar-tuner.elf  |tee "guitar-tuner.elf.size"
   text	   data	    bss	    dec	    hex	filename
  20560	   1160	  22600	  44320	   ad20	guitar-tuner.elf
Finished building: guitar-tuner.elf.size
 

14:13:16 Build Finished (took 312ms)

