12:14:06 **** Auto Build of configuration Debug for project guitar-tone ****
make pre-build main-build 
a9-linaro-pre-build-step
 
Building file: ../src/ip_functions.c
Invoking: ARM v7 gcc compiler
arm-none-eabi-gcc -Wall -O0 -g3 -c -fmessage-length=0 -MT"src/ip_functions.o" -mcpu=cortex-a9 -mfpu=vfpv3 -mfloat-abi=hard -I../../guitar-tone_bsp/ps7_cortexa9_0/include -MMD -MP -MF"src/ip_functions.d" -MT"src/ip_functions.o" -o "src/ip_functions.o" "../src/ip_functions.c"
Finished building: ../src/ip_functions.c
 
Building target: guitar-tone.elf
Invoking: ARM v7 gcc linker
arm-none-eabi-gcc -mcpu=cortex-a9 -mfpu=vfpv3 -mfloat-abi=hard -Wl,-build-id=none -specs=Xilinx.spec -Wl,-T -Wl,../src/lscript.ld -L../../guitar-tone_bsp/ps7_cortexa9_0/lib -o "guitar-tone.elf"  ./src/adventures_with_ip.o ./src/audio.o ./src/ip_functions.o   -Wl,--start-group,-lxil,-lgcc,-lc,--end-group
Finished building target: guitar-tone.elf
 
Invoking: ARM v7 Print Size
arm-none-eabi-size guitar-tone.elf  |tee "guitar-tone.elf.size"
   text	   data	    bss	    dec	    hex	filename
  32812	   1200	  22680	  56692	   dd74	guitar-tone.elf
Finished building: guitar-tone.elf.size
 

12:14:06 Build Finished (took 363ms)

